14:26:43.676 skipping bootstrap configuration: could not find or read file: classpath:karate-config.js
14:26:43.836 request:
1 > PUT https://jsonplaceholder.typicode.com/posts/70
1 > Accept-Encoding: gzip,deflate
1 > Connection: Keep-Alive
1 > Content-Length: 57
1 > Content-Type: application/json; charset=UTF-8
1 > Host: jsonplaceholder.typicode.com
1 > User-Agent: Apache-HttpClient/4.5.12 (Java/11.0.23)
{"title":"Karate","body":"Framework","userId":10,"id":70}

14:26:44.447 response time in milliseconds: 607,03
1 < 200
1 < CF-RAY: 9ccbbb95f979160d-DUS
1 < Cache-Control: no-cache
1 < Connection: keep-alive
1 < Content-Type: application/json; charset=utf-8
1 < Date: Thu, 12 Feb 2026 11:26:44 GMT
1 < Server: cloudflare
1 < Server-Timing: [cfCacheStatus;desc="DYNAMIC", cfEdge;dur=12,cfOrigin;dur=266]
1 < Transfer-Encoding: chunked
1 < access-control-allow-credentials: true
1 < alt-svc: h3=":443"; ma=86400
1 < cf-cache-status: DYNAMIC
1 < etag: W/"4a-j8tGl54mpQqlSKYm0qKZSLVOy2Y"
1 < expires: -1
1 < nel: {"report_to":"heroku-nel","response_headers":["Via"],"max_age":3600,"success_fraction":0.01,"failure_fraction":0.1}
1 < pragma: no-cache
1 < report-to: {"group":"heroku-nel","endpoints":[{"url":"https://nel.heroku.com/reports?s=5e5WtZaexhVDmLZMQhZ8wQnxM47bRQNcb5Tx0%2Ba9o1w%3D\u0026sid=e11707d5-02a7-43ef-b45e-2cf4d2036f7d\u0026ts=1770895604"}],"max_age":3600}
1 < reporting-endpoints: heroku-nel="https://nel.heroku.com/reports?s=5e5WtZaexhVDmLZMQhZ8wQnxM47bRQNcb5Tx0%2Ba9o1w%3D&sid=e11707d5-02a7-43ef-b45e-2cf4d2036f7d&ts=1770895604"
1 < vary: Origin, Accept-Encoding
1 < via: 2.0 heroku-router
1 < x-content-type-options: nosniff
1 < x-powered-by: Express
1 < x-ratelimit-limit: 1000
1 < x-ratelimit-remaining: 999
1 < x-ratelimit-reset: 1770895609
{
  "title": "Karate",
  "body": "Framework",
  "userId": 10,
  "id": 70
}

et iure quam sed maxime ut distinctio quae"
}

false: response == expectedResponse
nse

ason: not equal

equal
eason: actual json-path does not exist
es not exist
 does not exist
